// Jest Snapshot v1, https://goo.gl/fbAQLP

exports[`<Layout /> should match the snapshot 1`] = `
.c4 {
  box-sizing: border-box;
  margin: 0;
  min-width: 0;
  padding-top: 8px;
  padding-bottom: 8px;
  font-weight: 700;
}

.c3 {
  box-sizing: border-box;
  margin: 0;
  min-width: 0;
  color: #202125;
  background-color: transparent;
  -webkit-align-items: center;
  -webkit-box-align: center;
  -ms-flex-align: center;
  align-items: center;
  display: -webkit-box;
  display: -webkit-flex;
  display: -ms-flexbox;
  display: flex;
}

.c2 {
  box-sizing: border-box;
  margin: 0;
  min-width: 0;
  margin-left: auto;
  margin-right: auto;
  padding-left: 12px;
  padding-right: 12px;
  width: 100%;
}

.c0 {
  min-height: 100%;
  display: -webkit-box;
  display: -webkit-flex;
  display: -ms-flexbox;
  display: flex;
  -webkit-flex-direction: column;
  -ms-flex-direction: column;
  flex-direction: column;
  -webkit-align-items: stretch;
  -webkit-box-align: stretch;
  -ms-flex-align: stretch;
  align-items: stretch;
  background-color: #F8F8F8;
}

.c0 footer {
  -webkit-flex-shrink: 0;
  -ms-flex-negative: 0;
  flex-shrink: 0;
}

.c1 {
  box-sizing: border-box;
  margin: 0;
  min-width: 0;
  -webkit-flex-shrink: 0;
  -ms-flex-negative: 0;
  flex-shrink: 0;
  position: -webkit-sticky;
  position: sticky;
  top: 0;
  z-index: 1250;
}

.c5 {
  box-sizing: border-box;
  margin: 0;
  min-width: 0;
  -webkit-flex-shrink: 0;
  -ms-flex-negative: 0;
  flex-shrink: 0;
  -webkit-box-flex: 1;
  -webkit-flex-grow: 1;
  -ms-flex-positive: 1;
  flex-grow: 1;
}

@media (min-width:576px) {
  .c2 {
    max-width: 540px;
  }
}

@media (min-width:768px) {
  .c2 {
    max-width: 720px;
  }
}

@media (min-width:992px) {
  .c2 {
    max-width: 960px;
  }
}

@media (min-width:1280px) {
  .c2 {
    max-width: 1264px;
  }
}

<article
  className="c0"
>
  <div
    className="c1"
  >
    <div
      className="c2"
      width="100%"
    >
      <div
        className="c3"
        color="text"
      >
        <div
          className="c4"
          fontWeight="bold"
        >
          WoltApp
        </div>
      </div>
    </div>
  </div>
  <main
    className="c5"
  >
    test
  </main>
</article>
`;
